// Jest Snapshot v1, https://goo.gl/fbAQLP

exports[`Input render with snapshot 1`] = `
<DocumentFragment>
  <input
    class="test"
    placeholder="text"
    type="text"
    value=""
  />
</DocumentFragment>
`;
