// Jest Snapshot v1, https://goo.gl/fbAQLP

exports[`Button render with snapshot 1`] = `
<DocumentFragment>
  <button
    class="test"
    style="border-radius: 3;"
  >
    click
  </button>
</DocumentFragment>
`;
