// Jest Snapshot v1, https://goo.gl/fbAQLP

exports[`MessageForm render with snapshot 1`] = `
<DocumentFragment>
  <form
    action=""
    class="app__message message-function"
    role="form"
  >
    <div
      class="MuiFormControl-root MuiTextField-root css-1u3bzj6-MuiFormControl-root-MuiTextField-root"
    >
      <label
        class="MuiInputLabel-root MuiInputLabel-formControl MuiInputLabel-animated MuiInputLabel-shrink MuiInputLabel-outlined MuiFormLabel-root MuiFormLabel-colorPrimary Mui-focused css-1sumxir-MuiFormLabel-root-MuiInputLabel-root"
        data-shrink="true"
        for="outlined-basic"
        id="outlined-basic-label"
      >
        Автор
      </label>
      <div
        class="MuiOutlinedInput-root MuiInputBase-root MuiInputBase-colorPrimary Mui-focused MuiInputBase-formControl css-9ddj71-MuiInputBase-root-MuiOutlinedInput-root"
      >
        <input
          aria-invalid="false"
          class="MuiOutlinedInput-input MuiInputBase-input css-1t8l2tu-MuiInputBase-input-MuiOutlinedInput-input"
          id="outlined-basic"
          type="text"
          value=""
        />
        <fieldset
          aria-hidden="true"
          class="MuiOutlinedInput-notchedOutline css-1d3z3hw-MuiOutlinedInput-notchedOutline"
        >
          <legend
            class="css-1in441m"
          >
            <span>
              Автор
            </span>
          </legend>
        </fieldset>
      </div>
    </div>
    <div
      class="MuiFormControl-root MuiTextField-root css-1u3bzj6-MuiFormControl-root-MuiTextField-root"
    >
      <label
        class="MuiInputLabel-root MuiInputLabel-formControl MuiInputLabel-animated MuiInputLabel-outlined MuiFormLabel-root MuiFormLabel-colorPrimary css-14s5rfu-MuiFormLabel-root-MuiInputLabel-root"
        data-shrink="false"
        for="outlined-basic"
        id="outlined-basic-label"
      >
        Сообщение
      </label>
      <div
        class="MuiOutlinedInput-root MuiInputBase-root MuiInputBase-colorPrimary MuiInputBase-formControl css-9ddj71-MuiInputBase-root-MuiOutlinedInput-root"
      >
        <input
          aria-invalid="false"
          class="MuiOutlinedInput-input MuiInputBase-input css-1t8l2tu-MuiInputBase-input-MuiOutlinedInput-input"
          id="outlined-basic"
          type="text"
          value=""
        />
        <fieldset
          aria-hidden="true"
          class="MuiOutlinedInput-notchedOutline css-1d3z3hw-MuiOutlinedInput-notchedOutline"
        >
          <legend
            class="css-1ftyaf0"
          >
            <span>
              Сообщение
            </span>
          </legend>
        </fieldset>
      </div>
    </div>
    <button
      class="MuiButton-root MuiButton-contained MuiButton-containedPrimary MuiButton-sizeMedium MuiButton-containedSizeMedium MuiButtonBase-root Mui-disabled  css-sghohy-MuiButtonBase-root-MuiButton-root"
      disabled=""
      tabindex="-1"
      type="submit"
    >
      Отправить
    </button>
  </form>
</DocumentFragment>
`;
